2026-10-02T02:53:51.741817+00:00 preflight passed
2026-10-02T02:53:51.745378+00:00 quiet sample load1=2.9
2026-10-02T02:54:21.760143+00:00 quiet sample load1=2.33
2026-10-02T02:54:51.778386+00:00 quiet sample load1=2.36
2026-10-02T02:55:21.802099+00:00 quiet sample load1=2.06
2026-10-02T02:55:51.824043+00:00 quiet sample load1=1.87
2026-10-02T02:56:21.838415+00:00 quiet sample load1=1.64
2026-10-02T02:56:51.854793+00:00 quiet sample load1=1.39
2026-10-02T02:57:21.876017+00:00 quiet sample load1=1.4
2026-10-02T02:57:51.892826+00:00 quiet sample load1=1.5
2026-10-02T02:58:21.908382+00:00 quiet sample load1=1.53
2026-10-02T02:58:51.932322+00:00 quiet sample load1=1.68
2026-10-02T02:59:21.952639+00:00 quiet sample load1=1.53
2026-10-02T02:59:51.975966+00:00 quiet sample load1=2.04
2026-10-02T03:00:21.999173+00:00 quiet sample load1=1.64
2026-10-02T03:00:52.022739+00:00 quiet sample load1=2.25
2026-10-02T03:01:22.038483+00:00 quiet sample load1=1.99
2026-10-02T03:01:52.044154+00:00 quiet sample load1=1.73
2026-10-02T03:02:22.063934+00:00 quiet sample load1=1.65
2026-10-02T03:02:52.080040+00:00 quiet sample load1=1.54
2026-10-02T03:03:22.094919+00:00 quiet sample load1=1.39
2026-10-02T03:03:52.109800+00:00 quiet sample load1=1.56
2026-10-02T03:04:22.130589+00:00 quiet sample load1=1.33
2026-10-02T03:04:52.152832+00:00 quiet sample load1=1.52
2026-10-02T03:05:22.173741+00:00 quiet sample load1=1.19
2026-10-02T03:05:52.188210+00:00 quiet sample load1=1.18
2026-10-02T03:06:22.212087+00:00 quiet sample load1=1.34
2026-10-02T03:06:22.267214+00:00 quiet wait ended, decisive=True
2026-10-02T03:06:55.292530+00:00 server1 stopped, 79743 access lines dropped
2026-10-02T03:06:55.297026+00:00 done
