2026-10-02T06:33:35.757486+00:00 preflight passed
2026-10-02T06:33:35.761325+00:00 quiet sample load1=5.51
2026-10-02T06:34:05.781191+00:00 quiet sample load1=4.29
2026-10-02T06:34:35.795570+00:00 quiet sample load1=3.69
2026-10-02T06:35:05.811690+00:00 quiet sample load1=3.54
2026-10-02T06:35:35.826691+00:00 quiet sample load1=2.59
2026-10-02T06:36:05.842835+00:00 quiet sample load1=2.64
2026-10-02T06:36:35.856039+00:00 quiet sample load1=2.51
2026-10-02T06:37:05.867399+00:00 quiet sample load1=2.13
2026-10-02T06:37:35.872410+00:00 quiet sample load1=2.3
2026-10-02T06:38:05.888851+00:00 quiet sample load1=1.63
2026-10-02T06:38:35.906906+00:00 quiet sample load1=1.84
2026-10-02T06:39:05.920994+00:00 quiet sample load1=1.62
2026-10-02T06:39:35.931405+00:00 quiet sample load1=1.31
2026-10-02T06:40:05.950279+00:00 quiet sample load1=1.97
2026-10-02T06:40:35.969865+00:00 quiet sample load1=1.47
2026-10-02T06:41:05.990838+00:00 quiet sample load1=1.99
2026-10-02T06:41:35.997852+00:00 quiet sample load1=2.37
2026-10-02T06:42:06.014878+00:00 quiet sample load1=2.1
2026-10-02T06:42:36.031412+00:00 quiet sample load1=1.97
2026-10-02T06:43:06.055143+00:00 quiet sample load1=1.65
2026-10-02T06:43:36.080339+00:00 quiet sample load1=2.13
2026-10-02T06:44:06.090932+00:00 quiet sample load1=2.0
2026-10-02T06:44:36.109455+00:00 quiet sample load1=2.13
2026-10-02T06:45:06.131600+00:00 quiet sample load1=2.05
2026-10-02T06:45:36.153463+00:00 quiet sample load1=2.08
2026-10-02T06:46:06.177494+00:00 quiet sample load1=2.01
2026-10-02T06:46:36.195294+00:00 quiet sample load1=1.55
2026-10-02T06:47:06.220463+00:00 quiet sample load1=2.03
2026-10-02T06:47:36.241902+00:00 quiet sample load1=2.15
2026-10-02T06:48:06.259216+00:00 quiet sample load1=1.88
2026-10-02T06:48:36.279854+00:00 quiet sample load1=1.63
2026-10-02T06:48:36.349871+00:00 quiet wait ended, decisive=False
2026-10-02T06:49:09.907411+00:00 server1 stopped, 47984 access lines dropped
2026-10-02T06:49:09.912170+00:00 done
