2026-10-02T03:41:00.253031+00:00 preflight passed
2026-10-02T03:41:00.256514+00:00 quiet sample load1=1.61
2026-10-02T03:41:30.277020+00:00 quiet sample load1=1.31
2026-10-02T03:42:00.302270+00:00 quiet sample load1=1.63
2026-10-02T03:42:30.317145+00:00 quiet sample load1=1.67
2026-10-02T03:43:00.332912+00:00 quiet sample load1=2.4
2026-10-02T03:43:30.353668+00:00 quiet sample load1=1.77
2026-10-02T03:44:00.365119+00:00 quiet sample load1=1.75
2026-10-02T03:44:30.377825+00:00 quiet sample load1=1.65
2026-10-02T03:45:00.392314+00:00 quiet sample load1=1.39
2026-10-02T03:45:30.407407+00:00 quiet sample load1=1.57
2026-10-02T03:46:00.414579+00:00 quiet sample load1=1.87
2026-10-02T03:46:30.429053+00:00 quiet sample load1=1.54
2026-10-02T03:47:00.446761+00:00 quiet sample load1=2.59
2026-10-02T03:47:30.463243+00:00 quiet sample load1=2.23
2026-10-02T03:48:00.479105+00:00 quiet sample load1=2.03
2026-10-02T03:48:30.499827+00:00 quiet sample load1=1.76
2026-10-02T03:49:00.512145+00:00 quiet sample load1=1.77
2026-10-02T03:49:30.520707+00:00 quiet sample load1=1.81
2026-10-02T03:50:00.531383+00:00 quiet sample load1=1.81
2026-10-02T03:50:30.554827+00:00 quiet sample load1=1.48
2026-10-02T03:51:00.571378+00:00 quiet sample load1=1.89
2026-10-02T03:51:30.582792+00:00 quiet sample load1=1.65
2026-10-02T03:52:00.596041+00:00 quiet sample load1=1.89
2026-10-02T03:52:30.610912+00:00 quiet sample load1=1.6
2026-10-02T03:53:00.632188+00:00 quiet sample load1=8.02
2026-10-02T03:53:30.654200+00:00 quiet sample load1=5.46
2026-10-02T03:54:00.673218+00:00 quiet sample load1=3.55
2026-10-02T03:54:30.689404+00:00 quiet sample load1=2.66
2026-10-02T03:55:00.707622+00:00 quiet sample load1=2.08
2026-10-02T03:55:30.729961+00:00 quiet sample load1=1.96
2026-10-02T03:56:00.745700+00:00 quiet sample load1=1.88
2026-10-02T03:56:00.791154+00:00 quiet wait ended, decisive=False
2026-10-02T03:56:34.155301+00:00 server1 stopped, 47148 access lines dropped
2026-10-02T03:56:34.160259+00:00 done
