2026-10-02T08:08:01.322766+00:00 preflight passed
2026-10-02T08:08:01.326227+00:00 quiet sample load1=5.64
2026-10-02T08:08:31.341103+00:00 quiet sample load1=4.0
2026-10-02T08:09:01.357780+00:00 quiet sample load1=2.94
2026-10-02T08:09:31.377346+00:00 quiet sample load1=2.33
2026-10-02T08:10:01.399341+00:00 quiet sample load1=2.12
2026-10-02T08:10:31.407770+00:00 quiet sample load1=1.62
2026-10-02T08:11:01.426300+00:00 quiet sample load1=2.43
2026-10-02T08:11:31.450348+00:00 quiet sample load1=3.85
2026-10-02T08:12:01.468090+00:00 quiet sample load1=3.01
2026-10-02T08:12:31.481678+00:00 quiet sample load1=2.71
2026-10-02T08:13:01.495516+00:00 quiet sample load1=2.39
2026-10-02T08:13:31.509913+00:00 quiet sample load1=3.79
2026-10-02T08:14:01.522463+00:00 quiet sample load1=3.16
2026-10-02T08:14:31.544475+00:00 quiet sample load1=9.92
2026-10-02T08:15:01.565384+00:00 quiet sample load1=6.97
2026-10-02T08:15:31.587480+00:00 quiet sample load1=5.44
2026-10-02T08:16:01.604185+00:00 quiet sample load1=4.17
2026-10-02T08:16:31.621708+00:00 quiet sample load1=3.41
2026-10-02T08:17:01.637766+00:00 quiet sample load1=2.75
2026-10-02T08:17:31.656851+00:00 quiet sample load1=3.01
2026-10-02T08:18:01.663979+00:00 quiet sample load1=2.86
2026-10-02T08:18:31.673482+00:00 quiet sample load1=2.62
2026-10-02T08:19:01.684295+00:00 quiet sample load1=3.03
2026-10-02T08:19:31.751661+00:00 quiet sample load1=3.31
2026-10-02T08:20:01.761913+00:00 quiet sample load1=8.64
2026-10-02T08:20:31.784476+00:00 quiet sample load1=6.23
2026-10-02T08:21:01.805334+00:00 quiet sample load1=4.34
2026-10-02T08:21:31.816728+00:00 quiet sample load1=3.51
2026-10-02T08:22:01.839574+00:00 quiet sample load1=2.86
2026-10-02T08:22:31.855219+00:00 quiet sample load1=2.2
2026-10-02T08:23:01.879857+00:00 quiet sample load1=1.53
2026-10-02T08:23:01.940140+00:00 quiet wait ended, decisive=False
2026-10-02T08:23:35.678959+00:00 server1 stopped, 63226 access lines dropped
2026-10-02T08:23:35.683295+00:00 aborted: sc3-run1 exited 1
